I'm sorry, but errors were detected in your script. Please correct the
errors listed below, and try again.


File "game/primeraisla.rpy", line 4: screen expects a non-empty block.
    screen prueba:
                  ^

Ren'Py Version: Ren'Py 7.4.11.2266
Thu Jun  9 20:35:47 2022
